{"user_id": 23, "name": "Eoin Gallagher"}
{"user_id": 24, "name": "Rose Enright"}
